
Memory Configuration

Name             Origin             Length             Attributes
flash            0x00000000         0x20000000         xr
sram             0x20000000         0x20000000         xrw
*default*        0x00000000         0xffffffff

Linker script and memory map

                0x00000000                . = 0x0

.text           0x00000000      0x154
                0x00000000                _S_TEXT = .
 *(.vectors*)
 .vectors       0x00000000       0x10 startup.o
                0x00000000                g_p_fn_vector
 *(.text*)
 .text          0x00000010       0x94 main.o
                0x00000010                main
 .text          0x000000a4       0xb0 startup.o
                0x000000a4                _reset
                0x00000148                HARD_FAULT_Handler
                0x00000148                _default_handler
                0x00000148                NMI_Handler
 *(.rodata*)
                0x00000154                . = ALIGN (0x4)
                0x00000154                _E_TEXT = .

.glue_7         0x00000154        0x0
 .glue_7        0x00000000        0x0 linker stubs

.glue_7t        0x00000154        0x0
 .glue_7t       0x00000000        0x0 linker stubs

.vfp11_veneer   0x00000154        0x0
 .vfp11_veneer  0x00000000        0x0 linker stubs

.v4_bx          0x00000154        0x0
 .v4_bx         0x00000000        0x0 linker stubs

.iplt           0x00000154        0x0
 .iplt          0x00000000        0x0 main.o

.rel.dyn        0x00000154        0x0
 .rel.iplt      0x00000000        0x0 main.o

.data           0x20000000        0x0 load address 0x00000154
                0x20000000                _S_DATA = .
 *(.data)
 .data          0x20000000        0x0 main.o
 .data          0x20000000        0x0 startup.o
                0x20000000                . = ALIGN (0x4)
                0x20000000                _E_DATA = .

.igot.plt       0x20000000        0x0 load address 0x00000154
 .igot.plt      0x00000000        0x0 main.o

.bss            0x20000000      0x424 load address 0x00000154
                0x20000000                _S_BSS = .
 *(.bss*)
 .bss           0x20000000        0x0 main.o
 .bss           0x20000000      0x424 startup.o
                0x20000424                . = ALIGN (0x4)
                0x20000424                _E_BSS = .
LOAD main.o
LOAD startup.o
OUTPUT(toggle_led_tiva_c.elf elf32-littlearm)

.debug_info     0x00000000      0x1f8
 .debug_info    0x00000000       0x58 main.o
 .debug_info    0x00000058      0x1a0 startup.o

.debug_abbrev   0x00000000      0x134
 .debug_abbrev  0x00000000       0x4d main.o
 .debug_abbrev  0x0000004d       0xe7 startup.o

.debug_loc      0x00000000       0x9c
 .debug_loc     0x00000000       0x38 main.o
 .debug_loc     0x00000038       0x64 startup.o

.debug_aranges  0x00000000       0x40
 .debug_aranges
                0x00000000       0x20 main.o
 .debug_aranges
                0x00000020       0x20 startup.o

.debug_line     0x00000000      0x115
 .debug_line    0x00000000       0x55 main.o
 .debug_line    0x00000055       0xc0 startup.o

.debug_str      0x00000000      0x13d
 .debug_str     0x00000000       0x54 main.o
                                 0x61 (size before relaxing)
 .debug_str     0x00000054       0xe9 startup.o
                                0x165 (size before relaxing)

.comment        0x00000000       0x11
 .comment       0x00000000       0x11 main.o
                                 0x12 (size before relaxing)
 .comment       0x00000000       0x12 startup.o

.ARM.attributes
                0x00000000       0x33
 .ARM.attributes
                0x00000000       0x33 main.o
 .ARM.attributes
                0x00000033       0x33 startup.o

.debug_frame    0x00000000       0x78
 .debug_frame   0x00000000       0x2c main.o
 .debug_frame   0x0000002c       0x4c startup.o
