
Memory Configuration

Name             Origin             Length             Attributes
flash            0x08000000         0x00020000         xr
sram             0x20000000         0x00005000         xrw
*default*        0x00000000         0xffffffff

Linker script and memory map

                0x08000000                . = 0x8000000

.text           0x08000000      0x400
                0x08000000                _TEXT_START = .
 *(.vectors*)
 .vectors       0x08000000       0x18 startup.o
 *(.text*)
 .text          0x08000018       0xb0 alarmManager.o
                0x08000018                state_define_E_alarmOff
                0x08000034                state_define_E_alarmOn
                0x0800008c                Signal_onHighPressureDetect
 .text          0x080000c8       0x68 buzzerDriver.o
                0x080000c8                state_define_E_buzzerOff
                0x080000e0                state_define_E_buzzerOn
                0x080000f8                Signal_turnOnBuzzer
                0x08000114                Signal_turnOffBuzzer
 .text          0x08000130       0xe0 driver.o
                0x08000130                getPressureVal
                0x08000164                Set_Alarm_actuator
                0x080001a0                GPIO_INITIALIZATION
 .text          0x08000210       0x68 ledDriver.o
                0x08000210                state_define_E_ledOff
                0x08000228                state_define_E_ledOn
                0x08000240                Signal_turnOnLed
                0x0800025c                Signal_turnOffLed
 .text          0x08000278       0x3c main.o
                0x08000278                main
 .text          0x080002b4       0x64 mainControl.o
                0x080002b4                state_define_E_MC_init
                0x080002d8                state_define_E_MC_update
                0x080002fc                Signal_readPressureSensor
 .text          0x08000318       0x58 pressureSensorDriver.o
                0x08000318                state_define_E_PS_init
                0x0800033c                state_define_E_PS_update
 .text          0x08000370       0x90 startup.o
                0x08000370                _reset
                0x080003f4                _Vector_NMI
                0x080003f4                _Vector_UsageFault
                0x080003f4                _Vector_HardFault
                0x080003f4                _Vector_BusFault
                0x080003f4                _Vector_MemManage
                0x080003f4                _Vector_deafultHandler
                0x08000400                . = ALIGN (0x4)
                0x08000400                _TEXT_END = .

.glue_7         0x08000400        0x0
 .glue_7        0x08000400        0x0 linker stubs

.glue_7t        0x08000400        0x0
 .glue_7t       0x08000400        0x0 linker stubs

.vfp11_veneer   0x08000400        0x0
 .vfp11_veneer  0x08000400        0x0 linker stubs

.v4_bx          0x08000400        0x0
 .v4_bx         0x08000400        0x0 linker stubs

.iplt           0x08000400        0x0
 .iplt          0x08000400        0x0 alarmManager.o

.rodata         0x08000400        0x4
                0x08000400                _RODATA_START = .
 *(.rodata*)
 .rodata        0x08000400        0x4 mainControl.o
                0x08000400                threshld
                0x08000404                . = ALIGN (0x4)
                0x08000404                _RODATA_END = .

.rel.dyn        0x08000404        0x0
 .rel.iplt      0x08000404        0x0 alarmManager.o

.data           0x20000000       0x1c load address 0x08000404
                0x20000000                _DATA_START = .
 *(.data*)
 .data          0x20000000        0x4 alarmManager.o
                0x20000000                ALARM_MANAGER_curCall
 .data          0x20000004        0x8 buzzerDriver.o
                0x20000008                Buzzer_curCall
 .data          0x2000000c        0x0 driver.o
 .data          0x2000000c        0x8 ledDriver.o
                0x20000010                LED_curCall
 .data          0x20000014        0x0 main.o
 .data          0x20000014        0x4 mainControl.o
                0x20000014                MC_curCall
 .data          0x20000018        0x4 pressureSensorDriver.o
                0x20000018                PS_curCall
 .data          0x2000001c        0x0 startup.o
                0x2000001c                . = ALIGN (0x4)
                0x2000001c                _DATA_END = .

.igot.plt       0x2000001c        0x0 load address 0x08000420
 .igot.plt      0x2000001c        0x0 alarmManager.o

.bss            0x20000020     0x1024 load address 0x08000420
                0x20000020                _BSS_START = .
 *(.bss*)
 .bss           0x20000020       0x10 alarmManager.o
 .bss           0x20000030        0x0 buzzerDriver.o
 .bss           0x20000030        0x8 driver.o
                0x20000030                p
                0x20000034                count
 .bss           0x20000038        0x0 ledDriver.o
 .bss           0x20000038        0x0 main.o
 .bss           0x20000038        0x8 mainControl.o
 .bss           0x20000040        0x1 pressureSensorDriver.o
 .bss           0x20000041        0x0 startup.o
 *(COMMON)
                0x20000044                . = ALIGN (0x4)
 *fill*         0x20000041        0x3 
                0x20000044                _BSS_END = .
                0x20001044                . = (. + 0x1000)
 *fill*         0x20000044     0x1000 
                0x20001044                _STACK_TOP = .
LOAD alarmManager.o
LOAD buzzerDriver.o
LOAD driver.o
LOAD ledDriver.o
LOAD main.o
LOAD mainControl.o
LOAD pressureSensorDriver.o
LOAD startup.o
OUTPUT(pressure_controller.elf elf32-littlearm)
LOAD linker stubs

.debug_info     0x00000000      0xa41
 .debug_info    0x00000000      0x15a alarmManager.o
 .debug_info    0x0000015a      0x158 buzzerDriver.o
 .debug_info    0x000002b2      0x12b driver.o
 .debug_info    0x000003dd      0x158 ledDriver.o
 .debug_info    0x00000535      0x10c main.o
 .debug_info    0x00000641      0x16a mainControl.o
 .debug_info    0x000007ab      0x15e pressureSensorDriver.o
 .debug_info    0x00000909      0x138 startup.o

.debug_abbrev   0x00000000      0x6f6
 .debug_abbrev  0x00000000       0xd4 alarmManager.o
 .debug_abbrev  0x000000d4       0xe8 buzzerDriver.o
 .debug_abbrev  0x000001bc       0xd8 driver.o
 .debug_abbrev  0x00000294       0xe8 ledDriver.o
 .debug_abbrev  0x0000037c       0x8e main.o
 .debug_abbrev  0x0000040a      0x120 mainControl.o
 .debug_abbrev  0x0000052a      0x102 pressureSensorDriver.o
 .debug_abbrev  0x0000062c       0xca startup.o

.debug_loc      0x00000000      0x530
 .debug_loc     0x00000000       0x84 alarmManager.o
 .debug_loc     0x00000084       0xe0 buzzerDriver.o
 .debug_loc     0x00000164       0xfc driver.o
 .debug_loc     0x00000260       0xe0 ledDriver.o
 .debug_loc     0x00000340       0x2c main.o
 .debug_loc     0x0000036c       0xcc mainControl.o
 .debug_loc     0x00000438       0x94 pressureSensorDriver.o
 .debug_loc     0x000004cc       0x64 startup.o

.debug_aranges  0x00000000      0x100
 .debug_aranges
                0x00000000       0x20 alarmManager.o
 .debug_aranges
                0x00000020       0x20 buzzerDriver.o
 .debug_aranges
                0x00000040       0x20 driver.o
 .debug_aranges
                0x00000060       0x20 ledDriver.o
 .debug_aranges
                0x00000080       0x20 main.o
 .debug_aranges
                0x000000a0       0x20 mainControl.o
 .debug_aranges
                0x000000c0       0x20 pressureSensorDriver.o
 .debug_aranges
                0x000000e0       0x20 startup.o

.debug_line     0x00000000      0x5f0
 .debug_line    0x00000000       0xa8 alarmManager.o
 .debug_line    0x000000a8       0x94 buzzerDriver.o
 .debug_line    0x0000013c      0x16f driver.o
 .debug_line    0x000002ab       0x8e ledDriver.o
 .debug_line    0x00000339       0xd6 main.o
 .debug_line    0x0000040f       0x8c mainControl.o
 .debug_line    0x0000049b       0xa6 pressureSensorDriver.o
 .debug_line    0x00000541       0xaf startup.o

.debug_str      0x00000000      0x4c4
 .debug_str     0x00000000      0x1fe alarmManager.o
                                0x241 (size before relaxing)
 .debug_str     0x000001fe       0x8c buzzerDriver.o
                                0x211 (size before relaxing)
 .debug_str     0x0000028a       0x3d driver.o
                                0x195 (size before relaxing)
 .debug_str     0x000002c7       0x5b ledDriver.o
                                0x1f3 (size before relaxing)
 .debug_str     0x00000322       0x22 main.o
                                0x1b8 (size before relaxing)
 .debug_str     0x00000344       0x8d mainControl.o
                                0x1fd (size before relaxing)
 .debug_str     0x000003d1       0x69 pressureSensorDriver.o
                                0x20b (size before relaxing)
 .debug_str     0x0000043a       0x8a startup.o
                                0x151 (size before relaxing)

.comment        0x00000000       0x33
 .comment       0x00000000       0x33 alarmManager.o
                                 0x34 (size before relaxing)
 .comment       0x00000033       0x34 buzzerDriver.o
 .comment       0x00000033       0x34 driver.o
 .comment       0x00000033       0x34 ledDriver.o
 .comment       0x00000033       0x34 main.o
 .comment       0x00000033       0x34 mainControl.o
 .comment       0x00000033       0x34 pressureSensorDriver.o
 .comment       0x00000033       0x34 startup.o

.ARM.attributes
                0x00000000       0x2d
 .ARM.attributes
                0x00000000       0x2d alarmManager.o
 .ARM.attributes
                0x0000002d       0x2d buzzerDriver.o
 .ARM.attributes
                0x0000005a       0x2d driver.o
 .ARM.attributes
                0x00000087       0x2d ledDriver.o
 .ARM.attributes
                0x000000b4       0x2d main.o
 .ARM.attributes
                0x000000e1       0x2d mainControl.o
 .ARM.attributes
                0x0000010e       0x2d pressureSensorDriver.o
 .ARM.attributes
                0x0000013b       0x2d startup.o

.debug_frame    0x00000000      0x334
 .debug_frame   0x00000000       0x64 alarmManager.o
 .debug_frame   0x00000064       0x88 buzzerDriver.o
 .debug_frame   0x000000ec       0x80 driver.o
 .debug_frame   0x0000016c       0x88 ledDriver.o
 .debug_frame   0x000001f4       0x2c main.o
 .debug_frame   0x00000220       0x74 mainControl.o
 .debug_frame   0x00000294       0x54 pressureSensorDriver.o
 .debug_frame   0x000002e8       0x4c startup.o
