
Memory Configuration

Name             Origin             Length             Attributes
flash            0x08000000         0x00020000         xr
ram              0x20000000         0x00005000         xrw
*default*        0x00000000         0xffffffff

Linker script and memory map

                0x08000000                . = 0x8000000

.text           0x08000000      0x154
 *(.vectors*)
 .vectors       0x08000000       0x50 startup.o
 *(.text*)
 .text          0x08000050        0xa startup.o
 *fill*         0x0800005a        0x2 
 .text          0x0800005c       0xf8 main.o
                0x0800005c                main

.data           0x08000154        0x0
 .data          0x08000154        0x0 startup.o
 .data          0x08000154        0x0 main.o

.igot.plt       0x08000154        0x0
 .igot.plt      0x00000000        0x0 startup.o

.glue_7         0x08000154        0x0
 .glue_7        0x00000000        0x0 linker stubs

.glue_7t        0x08000154        0x0
 .glue_7t       0x00000000        0x0 linker stubs

.vfp11_veneer   0x08000154        0x0
 .vfp11_veneer  0x00000000        0x0 linker stubs

.v4_bx          0x08000154        0x0
 .v4_bx         0x00000000        0x0 linker stubs

.iplt           0x08000154        0x0
 .iplt          0x00000000        0x0 startup.o

.rel.dyn        0x08000154        0x0
 .rel.iplt      0x00000000        0x0 startup.o

.bss            0x20000000        0x0
 *(.bss*)
 .bss           0x20000000        0x0 startup.o
 .bss           0x20000000        0x0 main.o
                0x20001000                . = (. + 0x1000)
                0x20001000                stack_top = .
LOAD startup.o
LOAD main.o
OUTPUT(toggle-led-stm32.elf elf32-littlearm)

.ARM.attributes
                0x00000000       0x2f
 .ARM.attributes
                0x00000000       0x21 startup.o
 .ARM.attributes
                0x00000021       0x33 main.o

.comment        0x00000000       0x11
 .comment       0x00000000       0x11 main.o
                                 0x12 (size before relaxing)
