02:40:42 **** Incremental Build of configuration Debug for project toggle_led_task_stm32 ****
make -j16 all 
arm-none-eabi-gcc "../Src/main.c" -mcpu=cortex-m3 -std=gnu11 -g3 -DSTM32 -DSTM32F103C4Tx -DSTM32F1 -DDEBUG -c -I../Inc -O0 -ffunction-sections -fdata-sections -Wall -fstack-usage -MMD -MP -MF"Src/main.d" -MT"Src/main.o" --specs=nano.specs -mfloat-abi=soft -mthumb -o "Src/main.o"
../Src/main.c:16:6: warning: return type of 'main' is not 'int' [-Wmain]
 void main(){
      ^~~~
arm-none-eabi-gcc -o "toggle_led_task_stm32.elf" @"objects.list"   -mcpu=cortex-m3 -T"D:\Projects\learn_in_depth_workspace\unit_3_embedded_c\toggle_led_task_stm32\STM32F103C4TX_FLASH.ld" --specs=nosys.specs -Wl,-Map="toggle_led_task_stm32.map" -Wl,--gc-sections -static --specs=nano.specs -mfloat-abi=soft -mthumb -Wl,--start-group -lc -lm -Wl,--end-group
Finished building target: toggle_led_task_stm32.elf
 
arm-none-eabi-objdump -h -S  toggle_led_task_stm32.elf  > "toggle_led_task_stm32.list"
arm-none-eabi-objcopy  -O ihex  toggle_led_task_stm32.elf  "toggle_led_task_stm32.hex"
arm-none-eabi-objcopy  -O binary  toggle_led_task_stm32.elf  "toggle_led_task_stm32.bin"
arm-none-eabi-size   toggle_led_task_stm32.elf 
   text	   data	    bss	    dec	    hex	filename
    692	      8	   1568	   2268	    8dc	toggle_led_task_stm32.elf
Finished building: default.size.stdout
 
Finished building: toggle_led_task_stm32.list
Finished building: toggle_led_task_stm32.hex
Finished building: toggle_led_task_stm32.bin
 
 
 

02:40:42 Build Finished. 0 errors, 1 warnings. (took 340ms)

